
> build
> vite build

[36mvite v5.4.19 [32mbuilding for production...[36m[39m
transforming...
npm : DEPRECATION WARNING [legacy-js-api]: The legacy JS API is deprecated and will be removed in Dart Sass 2.0.0.
En línea: 1 Carácter: 1
+ npm run build > build_output.txt 2>&1
+ ~~~~~~~~~~~~~~~~~~~~~~~~~~~~~~~~~~~~~
    + CategoryInfo          : NotSpecified: (DEPRECATION WAR...art Sass 2.0.0.:String) [], RemoteException
    + FullyQualifiedErrorId : NativeCommandError
 

More info: https://sass-lang.com/d/legacy-js-api

DEPRECATION WARNING [legacy-js-api]: The legacy JS API is deprecated and will be removed in Dart Sass 2.0.0.

More info: https://sass-lang.com/d/legacy-js-api

DEPRECATION WARNING [legacy-js-api]: The legacy JS API is deprecated and will be removed in Dart Sass 2.0.0.

More info: https://sass-lang.com/d/legacy-js-api

DEPRECATION WARNING [legacy-js-api]: The legacy JS API is deprecated and will be removed in Dart Sass 2.0.0.

More info: https://sass-lang.com/d/legacy-js-api

DEPRECATION WARNING [legacy-js-api]: The legacy JS API is deprecated and will be removed in Dart Sass 2.0.0.

More info: https://sass-lang.com/d/legacy-js-api

DEPRECATION WARNING [import]: Sass @import rules are deprecated and will be removed in Dart Sass 3.0.0.

More info and automated migrator: https://sass-lang.com/d/import

  ÔòÀ
2 Ôöé @import "informe-estudiante";
  Ôöé         ^^^^^^^^^^^^^^^^^^^^
  ÔòÁ
    resources\sass\app.scss 2:9  root stylesheet

DEPRECATION WARNING [import]: Sass @import rules are deprecated and will be removed in Dart Sass 3.0.0.

More info and automated migrator: https://sass-lang.com/d/import

  ÔòÀ
3 Ôöé @import "servicios";
  Ôöé         ^^^^^^^^^^^
  ÔòÁ
    resources\sass\app.scss 3:9  root stylesheet

DEPRECATION WARNING [import]: Sass @import rules are deprecated and will be removed in Dart Sass 3.0.0.

More info and automated migrator: https://sass-lang.com/d/import

  ÔòÀ
4 Ôöé @import "grupo-crear";
  Ôöé         ^^^^^^^^^^^^^
  ÔòÁ
    resources\sass\app.scss 4:9  root stylesheet

DEPRECATION WARNING [import]: Sass @import rules are deprecated and will be removed in Dart Sass 3.0.0.

More info and automated migrator: https://sass-lang.com/d/import

  ÔòÀ
5 Ôöé @import "select-comprobante";
  Ôöé         ^^^^^^^^^^^^^^^^^^^^
  ÔòÁ
    resources\sass\app.scss 5:9  root stylesheet

DEPRECATION WARNING [import]: Sass @import rules are deprecated and will be removed in Dart Sass 3.0.0.

More info and automated migrator: https://sass-lang.com/d/import

  ÔòÀ
6 Ôöé @import "list-aprendiz";
  Ôöé         ^^^^^^^^^^^^^^^
  ÔòÁ
    resources\sass\app.scss 6:9  root stylesheet

DEPRECATION WARNING [legacy-js-api]: The legacy JS API is deprecated and will be removed in Dart Sass 2.0.0.

More info: https://sass-lang.com/d/legacy-js-api

DEPRECATION WARNING [legacy-js-api]: The legacy JS API is deprecated and will be removed in Dart Sass 2.0.0.

More info: https://sass-lang.com/d/legacy-js-api

DEPRECATION WARNING [global-builtin]: Global built-in functions are deprecated and will be removed in Dart Sass 3.0.0.
Use color.adjust instead.

More info and automated migrator: https://sass-lang.com/d/import

    ÔòÀ
104 Ôöé                     background: darken($secondary, 5%);
    Ôöé                                 ^^^^^^^^^^^^^^^^^^^^^^
    ÔòÁ
    resources\sass\list-aprendiz.scss 104:33  root stylesheet

DEPRECATION WARNING [color-functions]: darken() is deprecated. Suggestions:

color.scale($color, $lightness: -9.375%)
color.adjust($color, $lightness: -5%)

More info: https://sass-lang.com/d/color-functions

    ÔòÀ
104 Ôöé                     background: darken($secondary, 5%);
    Ôöé                                 ^^^^^^^^^^^^^^^^^^^^^^
    ÔòÁ
    resources\sass\list-aprendiz.scss 104:33  root stylesheet

DEPRECATION WARNING [global-builtin]: Global built-in functions are deprecated and will be removed in Dart Sass 3.0.0.
Use color.adjust instead.

More info and automated migrator: https://sass-lang.com/d/import

    ÔòÀ
149 Ôöé                 background: darken($secondary, 5%);
    Ôöé                             ^^^^^^^^^^^^^^^^^^^^^^
    ÔòÁ
    resources\sass\informe-estudiante.scss 149:29  root stylesheet

DEPRECATION WARNING [color-functions]: darken() is deprecated. Suggestions:

color.scale($color, $lightness: -9.375%)
color.adjust($color, $lightness: -5%)

More info: https://sass-lang.com/d/color-functions

    ÔòÀ
149 Ôöé                 background: darken($secondary, 5%);
    Ôöé                             ^^^^^^^^^^^^^^^^^^^^^^
    ÔòÁ
    resources\sass\informe-estudiante.scss 149:29  root stylesheet

DEPRECATION WARNING [global-builtin]: Global built-in functions are deprecated and will be removed in Dart Sass 3.0.0.
Use color.adjust instead.

More info and automated migrator: https://sass-lang.com/d/import

    ÔòÀ
149 Ôöé                 background: darken($secondary, 5%);
    Ôöé                             ^^^^^^^^^^^^^^^^^^^^^^
    ÔòÁ
    resources\sass\informe-estudiante.scss 149:29  @import
    resources\sass\app.scss 2:9                    root stylesheet

DEPRECATION WARNING [color-functions]: darken() is deprecated. Suggestions:

color.scale($color, $lightness: -9.375%)
color.adjust($color, $lightness: -5%)

More info: https://sass-lang.com/d/color-functions

    ÔòÀ
149 Ôöé                 background: darken($secondary, 5%);
    Ôöé                             ^^^^^^^^^^^^^^^^^^^^^^
    ÔòÁ
    resources\sass\informe-estudiante.scss 149:29  @import
    resources\sass\app.scss 2:9                    root stylesheet

DEPRECATION WARNING [global-builtin]: Global built-in functions are deprecated and will be removed in Dart Sass 3.0.0.
Use color.adjust instead.

More info and automated migrator: https://sass-lang.com/d/import

    ÔòÀ
208 Ôöé                 background: darken($primary, 5%);
    Ôöé                             ^^^^^^^^^^^^^^^^^^^^
    ÔòÁ
    resources\sass\servicios.scss 208:29  root stylesheet

DEPRECATION WARNING [color-functions]: darken() is deprecated. Suggestions:

color.scale($color, $lightness: -11.9158878505%)
color.adjust($color, $lightness: -5%)

More info: https://sass-lang.com/d/color-functions

    ÔòÀ
208 Ôöé                 background: darken($primary, 5%);
    Ôöé                             ^^^^^^^^^^^^^^^^^^^^
    ÔòÁ
    resources\sass\servicios.scss 208:29  root stylesheet

DEPRECATION WARNING [global-builtin]: Global built-in functions are deprecated and will be removed in Dart Sass 3.0.0.
Use color.adjust instead.

More info and automated migrator: https://sass-lang.com/d/import

    ÔòÀ
401 Ôöé                 background: darken($primary, 10%);
    Ôöé                             ^^^^^^^^^^^^^^^^^^^^^
    ÔòÁ
    resources\sass\informe-estudiante.scss 401:29  root stylesheet

DEPRECATION WARNING [color-functions]: darken() is deprecated. Suggestions:

color.scale($color, $lightness: -23.8317757009%)
color.adjust($color, $lightness: -10%)

More info: https://sass-lang.com/d/color-functions

    ÔòÀ
401 Ôöé                 background: darken($primary, 10%);
    Ôöé                             ^^^^^^^^^^^^^^^^^^^^^
    ÔòÁ
    resources\sass\informe-estudiante.scss 401:29  root stylesheet

DEPRECATION WARNING [global-builtin]: Global built-in functions are deprecated and will be removed in Dart Sass 3.0.0.
Use color.adjust instead.

More info and automated migrator: https://sass-lang.com/d/import

    ÔòÀ
401 Ôöé                 background: darken($primary, 10%);
    Ôöé                             ^^^^^^^^^^^^^^^^^^^^^
    ÔòÁ
    resources\sass\informe-estudiante.scss 401:29  @import
    resources\sass\app.scss 2:9                    root stylesheet

DEPRECATION WARNING [color-functions]: darken() is deprecated. Suggestions:

color.scale($color, $lightness: -23.8317757009%)
color.adjust($color, $lightness: -10%)

More info: https://sass-lang.com/d/color-functions

    ÔòÀ
401 Ôöé                 background: darken($primary, 10%);
    Ôöé                             ^^^^^^^^^^^^^^^^^^^^^
    ÔòÁ
    resources\sass\informe-estudiante.scss 401:29  @import
    resources\sass\app.scss 2:9                    root stylesheet

DEPRECATION WARNING [global-builtin]: Global built-in functions are deprecated and will be removed in Dart Sass 3.0.0.
Use color.adjust instead.

More info and automated migrator: https://sass-lang.com/d/import

    ÔòÀ
454 Ôöé                         background: darken($primary, 5%);
    Ôöé                                     ^^^^^^^^^^^^^^^^^^^^
    ÔòÁ
    resources\sass\servicios.scss 454:37  root stylesheet

DEPRECATION WARNING [color-functions]: darken() is deprecated. Suggestions:

color.scale($color, $lightness: -11.9158878505%)
color.adjust($color, $lightness: -5%)

More info: https://sass-lang.com/d/color-functions

    ÔòÀ
454 Ôöé                         background: darken($primary, 5%);
    Ôöé                                     ^^^^^^^^^^^^^^^^^^^^
    ÔòÁ
    resources\sass\servicios.scss 454:37  root stylesheet

DEPRECATION WARNING [global-builtin]: Global built-in functions are deprecated and will be removed in Dart Sass 3.0.0.
Use color.adjust instead.

More info and automated migrator: https://sass-lang.com/d/import

    ÔòÀ
208 Ôöé                 background: darken($primary, 5%);
    Ôöé                             ^^^^^^^^^^^^^^^^^^^^
    ÔòÁ
    resources\sass\servicios.scss 208:29  @import
    resources\sass\app.scss 3:9           root stylesheet

DEPRECATION WARNING [color-functions]: darken() is deprecated. Suggestions:

color.scale($color, $lightness: -11.9158878505%)
color.adjust($color, $lightness: -5%)

More info: https://sass-lang.com/d/color-functions

    ÔòÀ
208 Ôöé                 background: darken($primary, 5%);
    Ôöé                             ^^^^^^^^^^^^^^^^^^^^
    ÔòÁ
    resources\sass\servicios.scss 208:29  @import
    resources\sass\app.scss 3:9           root stylesheet

DEPRECATION WARNING [global-builtin]: Global built-in functions are deprecated and will be removed in Dart Sass 3.0.0.
Use color.adjust instead.

More info and automated migrator: https://sass-lang.com/d/import

    ÔòÀ
454 Ôöé                         background: darken($primary, 5%);
    Ôöé                                     ^^^^^^^^^^^^^^^^^^^^
    ÔòÁ
    resources\sass\servicios.scss 454:37  @import
    resources\sass\app.scss 3:9           root stylesheet

DEPRECATION WARNING [color-functions]: darken() is deprecated. Suggestions:

color.scale($color, $lightness: -11.9158878505%)
color.adjust($color, $lightness: -5%)

More info: https://sass-lang.com/d/color-functions

    ÔòÀ
454 Ôöé                         background: darken($primary, 5%);
    Ôöé                                     ^^^^^^^^^^^^^^^^^^^^
    ÔòÁ
    resources\sass\servicios.scss 454:37  @import
    resources\sass\app.scss 3:9           root stylesheet

DEPRECATION WARNING [global-builtin]: Global built-in functions are deprecated and will be removed in Dart Sass 3.0.0.
Use color.adjust instead.

More info and automated migrator: https://sass-lang.com/d/import

    ÔòÀ
104 Ôöé                     background: darken($secondary, 5%);
    Ôöé                                 ^^^^^^^^^^^^^^^^^^^^^^
    ÔòÁ
    resources\sass\list-aprendiz.scss 104:33  @import
    resources\sass\app.scss 6:9               root stylesheet

DEPRECATION WARNING [color-functions]: darken() is deprecated. Suggestions:

color.scale($color, $lightness: -9.375%)
color.adjust($color, $lightness: -5%)

More info: https://sass-lang.com/d/color-functions

    ÔòÀ
104 Ôöé                     background: darken($secondary, 5%);
    Ôöé                                 ^^^^^^^^^^^^^^^^^^^^^^
    ÔòÁ
    resources\sass\list-aprendiz.scss 104:33  @import
    resources\sass\app.scss 6:9               root stylesheet

WARNING: 1 repetitive deprecation warnings omitted.

[32mÔ£ô[39m 52 modules transformed.
[31mx[39m Build failed in 975ms
[31merror during build:
[31m[vite:css] [sass] Undefined variable.
    ÔòÀ
171 Ôöé                         color: $danger;
    Ôöé                                ^^^^^^^
    ÔòÁ
  resources\sass\login-premium.scss 171:32  root stylesheet[31m
file: [36mC:\xampp\htdocs\Mc-Studies2\resources\sass\login-premium.scss[31m
[33m
Error: Undefined variable.
    ÔòÀ
171 Ôöé                         color: $danger;
    Ôöé                                ^^^^^^^
    ÔòÁ
  resources\sass\login-premium.scss 171:32  root stylesheet
[31m
Error: Undefined variable.
    ÔòÀ
171 Ôöé                         color: $danger;
    Ôöé                                ^^^^^^^
    ÔòÁ
  resources\sass\login-premium.scss 171:32  root stylesheet
    at Object.wrapException (C:\xampp\htdocs\Mc-Studies2\node_modules\sass\sass.dart.js:2295:43)
    at C:\xampp\htdocs\Mc-Studies2\node_modules\sass\sass.dart.js:88771:23
    at _wrapJsFunctionForAsync_closure.$protected (C:\xampp\htdocs\Mc-Studies2\node_modules\sass\sass.dart.js:5065:15)
    at _wrapJsFunctionForAsync_closure.call$2 (C:\xampp\htdocs\Mc-Studies2\node_modules\sass\sass.dart.js:38140:12)
    at Object._asyncStartSync (C:\xampp\htdocs\Mc-Studies2\node_modules\sass\sass.dart.js:5029:20)
    at _EvaluateVisitor2.visitVariableExpression$body$_EvaluateVisitor0 (C:\xampp\htdocs\Mc-Studies2\node_modules\sass\sass.dart.js:88777:16)
    at _EvaluateVisitor2.visitVariableExpression$1 (C:\xampp\htdocs\Mc-Studies2\node_modules\sass\sass.dart.js:88751:19)
    at VariableExpression0.accept$1$1 (C:\xampp\htdocs\Mc-Studies2\node_modules\sass\sass.dart.js:124234:22)
    at VariableExpression0.accept$1 (C:\xampp\htdocs\Mc-Studies2\node_modules\sass\sass.dart.js:124237:19)
    at C:\xampp\htdocs\Mc-Studies2\node_modules\sass\sass.dart.js:86838:41[39m
